// Jest Snapshot v1, https://goo.gl/fbAQLP

exports[`test searchbar display snapshot 1`] = `
<form
  className="makeStyles-form-1"
  onSubmit={[Function]}
>
  <label>
    Search
  </label>
  <input
    name="search"
    onBlur={[Function]}
    onChange={[Function]}
    onFocus={[Function]}
    placeholder="search..."
    type="text"
    value="search me"
  />
  <button
    disabled={true}
    type="submit"
  >
    Search
  </button>
</form>
`;
